// Vitest Snapshot v1, https://vitest.dev/guide/snapshot.html

exports[`Export column ordering > fixedHeaders snapshot is stable – fails if engine ordering changes unexpectedly > export-header-order 1`] = `
[
  "Title",
  "URL handle",
  "Description",
  "Vendor",
  "Product category",
  "Type",
  "Tags",
  "Published on online store",
  "Status",
  "Charge tax",
  "Requires shipping",
  "Gift card",
  "SKU",
  "Barcode",
  "Option1 name",
  "Option1 value",
  "Option2 name",
  "Option2 value",
  "Option3 name",
  "Option3 value",
  "Price",
  "Compare-at price",
  "Inventory tracker",
  "Inventory quantity",
  "Continue selling when out of stock",
  "Weight unit for display",
  "Weight value (grams)",
  "Fulfillment service",
  "Product image URL",
  "Variant image URL",
  "Image position",
  "Image alt text",
  "SEO title",
  "SEO description",
  "Option1 Linked To",
  "Option2 Linked To",
  "Option3 Linked To",
  "Cost per item",
  "Tax code",
  "Unit price total measure",
  "Unit price total measure unit",
  "Unit price base measure",
  "Unit price base measure unit",
  "Color (product.metafields.shopify.color-pattern)",
  "Google Shopping / Google product category",
  "Google Shopping / Gender",
  "Google Shopping / Age group",
  "Google Shopping / Manufacturer part number (MPN)",
  "Google Shopping / Ad group name",
  "Google Shopping / Ads labels",
  "Google Shopping / Condition",
  "Google Shopping / Custom product",
  "Google Shopping / Custom label 0",
  "Google Shopping / Custom label 1",
  "Google Shopping / Custom label 2",
  "Google Shopping / Custom label 3",
  "Google Shopping / Custom label 4",
]
`;

exports[`Golden-file snapshots > final export header order snapshot > final-export-header-order 1`] = `
[
  "Title",
  "URL handle",
  "Description",
  "Vendor",
  "Product category",
  "Type",
  "Tags",
  "Published on online store",
  "Status",
  "Charge tax",
  "Requires shipping",
  "Gift card",
  "SKU",
  "Barcode",
  "Option1 name",
  "Option1 value",
  "Option2 name",
  "Option2 value",
  "Option3 name",
  "Option3 value",
  "Price",
  "Compare-at price",
  "Inventory tracker",
  "Inventory quantity",
  "Continue selling when out of stock",
  "Weight unit for display",
  "Weight value (grams)",
  "Fulfillment service",
  "Product image URL",
  "Variant image URL",
  "Image position",
  "Image alt text",
  "SEO title",
  "SEO description",
  "Option1 Linked To",
  "Option2 Linked To",
  "Option3 Linked To",
  "Cost per item",
  "Tax code",
  "Unit price total measure",
  "Unit price total measure unit",
  "Unit price base measure",
  "Unit price base measure unit",
  "Color (product.metafields.shopify.color-pattern)",
  "Google Shopping / Google product category",
  "Google Shopping / Gender",
  "Google Shopping / Age group",
  "Google Shopping / Manufacturer part number (MPN)",
  "Google Shopping / Ad group name",
  "Google Shopping / Ads labels",
  "Google Shopping / Condition",
  "Google Shopping / Custom product",
  "Google Shopping / Custom label 0",
  "Google Shopping / Custom label 1",
  "Google Shopping / Custom label 2",
  "Google Shopping / Custom label 3",
  "Google Shopping / Custom label 4",
]
`;

exports[`Golden-file snapshots > fixesApplied summary snapshot > fixes-applied-summary 1`] = `
[
  "Normalized Published on online store to "true" on row 1",
  "Normalized Status to "active" on row 1",
  "Normalized Continue selling when out of stock to "deny" on row 1",
  "Filled blank Status with "draft" on row 2",
  "Normalized Continue selling when out of stock to "deny" on row 2",
  "Filled blank Status with "draft" on row 3",
  "Normalized Continue selling when out of stock to "deny" on row 3",
  "Filled blank Status with "draft" on row 4",
  "Normalized Continue selling when out of stock to "deny" on row 4",
  "Filled blank Status with "draft" on row 5",
  "Normalized Continue selling when out of stock to "deny" on row 5",
  "Filled blank Status with "draft" on row 6",
  "Normalized Continue selling when out of stock to "deny" on row 6",
  "Filled blank Status with "draft" on row 7",
  "Normalized Continue selling when out of stock to "deny" on row 7",
  "Filled blank Status with "draft" on row 8",
  "Normalized Continue selling when out of stock to "deny" on row 8",
  "Filled blank Status with "draft" on row 9",
  "Normalized Continue selling when out of stock to "deny" on row 9",
  "Normalized Published on online store to "true" on row 10",
  "Normalized Status to "active" on row 10",
  "Filled blank Status with "draft" on row 11",
  "Filled blank Status with "draft" on row 12",
]
`;

exports[`Golden-file snapshots > issue summary snapshot (code + severity + column, sorted) > issue-summary 1`] = `
[
  {
    "code": "shopify/blank_title",
    "column": "Title",
    "severity": "error",
  },
  {
    "code": "shopify/blank_title",
    "column": "Title",
    "severity": "error",
  },
  {
    "code": "shopify/blank_title",
    "column": "Title",
    "severity": "error",
  },
  {
    "code": "shopify/blank_title",
    "column": "Title",
    "severity": "error",
  },
  {
    "code": "shopify/blank_title",
    "column": "Title",
    "severity": "error",
  },
  {
    "code": "shopify/blank_title",
    "column": "Title",
    "severity": "error",
  },
  {
    "code": "shopify/blank_title",
    "column": "Title",
    "severity": "error",
  },
  {
    "code": "shopify/blank_title",
    "column": "Title",
    "severity": "error",
  },
  {
    "code": "shopify/blank_title",
    "column": "Title",
    "severity": "error",
  },
  {
    "code": "shopify/blank_title",
    "column": "Title",
    "severity": "error",
  },
  {
    "code": "shopify/invalid_image_url",
    "column": "Product image URL",
    "severity": "error",
  },
  {
    "code": "shopify/invalid_image_url",
    "column": "Product image URL",
    "severity": "error",
  },
  {
    "code": "shopify/invalid_image_url",
    "column": "Product image URL",
    "severity": "error",
  },
  {
    "code": "shopify/invalid_integer_inventory_qty",
    "column": "Inventory quantity",
    "severity": "error",
  },
  {
    "code": "shopify/invalid_inventory_policy",
    "column": "Continue selling when out of stock",
    "severity": "error",
  },
  {
    "code": "shopify/invalid_inventory_policy",
    "column": "Continue selling when out of stock",
    "severity": "error",
  },
  {
    "code": "shopify/invalid_inventory_policy",
    "column": "Continue selling when out of stock",
    "severity": "error",
  },
  {
    "code": "shopify/invalid_numeric_compare_at",
    "column": "Compare-at price",
    "severity": "error",
  },
  {
    "code": "shopify/invalid_numeric_compare_at",
    "column": "Compare-at price",
    "severity": "error",
  },
  {
    "code": "shopify/missing_option1_for_variant_data",
    "column": "Option1 name",
    "severity": "error",
  },
  {
    "code": "shopify/missing_option1_for_variant_data",
    "column": "Option1 name",
    "severity": "error",
  },
  {
    "code": "shopify/missing_option1_for_variant_data",
    "column": "Option1 name",
    "severity": "error",
  },
  {
    "code": "shopify/missing_option1_for_variant_data",
    "column": "Option1 name",
    "severity": "error",
  },
  {
    "code": "shopify/missing_option1_for_variant_data",
    "column": "Option1 name",
    "severity": "error",
  },
  {
    "code": "shopify/missing_option1_for_variant_data",
    "column": "Option1 name",
    "severity": "error",
  },
  {
    "code": "shopify/missing_option1_for_variant_data",
    "column": "Option1 name",
    "severity": "error",
  },
  {
    "code": "shopify/missing_option1_for_variant_data",
    "column": "Option1 name",
    "severity": "error",
  },
  {
    "code": "shopify/missing_option1_for_variant_data",
    "column": "Option1 name",
    "severity": "error",
  },
  {
    "code": "shopify/missing_option1_for_variant_data",
    "column": "Option1 name",
    "severity": "error",
  },
  {
    "code": "shopify/option_order_invalid",
    "column": "Option3 name",
    "severity": "error",
  },
  {
    "code": "shopify/option_order_invalid",
    "column": "Option3 name",
    "severity": "error",
  },
  {
    "code": "shopify/seo_title_too_long",
    "column": "SEO title",
    "severity": "info",
  },
  {
    "code": "shopify/compare_at_lt_price",
    "column": "Compare-at price",
    "severity": "warning",
  },
  {
    "code": "shopify/invalid_image_position",
    "column": "Image position",
    "severity": "warning",
  },
  {
    "code": "shopify/option_name_inconsistent",
    "column": "Option1 name",
    "severity": "warning",
  },
  {
    "code": "shopify/option_name_inconsistent",
    "column": "Option1 name",
    "severity": "warning",
  },
  {
    "code": "shopify/option_name_inconsistent",
    "column": "Option1 name",
    "severity": "warning",
  },
  {
    "code": "shopify/option_name_inconsistent",
    "column": "Option1 name",
    "severity": "warning",
  },
  {
    "code": "shopify/option_name_inconsistent",
    "column": "Option1 name",
    "severity": "warning",
  },
  {
    "code": "shopify/option_name_inconsistent",
    "column": "Option1 name",
    "severity": "warning",
  },
  {
    "code": "shopify/option_name_inconsistent",
    "column": "Option1 name",
    "severity": "warning",
  },
  {
    "code": "shopify/option_name_inconsistent",
    "column": "Option1 name",
    "severity": "warning",
  },
  {
    "code": "shopify/option_name_inconsistent",
    "column": "Option1 name",
    "severity": "warning",
  },
  {
    "code": "shopify/option_name_inconsistent",
    "column": "Option1 name",
    "severity": "warning",
  },
  {
    "code": "shopify/option_name_inconsistent",
    "column": "Option2 name",
    "severity": "warning",
  },
  {
    "code": "shopify/option_name_inconsistent",
    "column": "Option2 name",
    "severity": "warning",
  },
  {
    "code": "shopify/option_name_inconsistent",
    "column": "Option2 name",
    "severity": "warning",
  },
  {
    "code": "shopify/option_name_inconsistent",
    "column": "Option2 name",
    "severity": "warning",
  },
  {
    "code": "shopify/option_name_inconsistent",
    "column": "Option2 name",
    "severity": "warning",
  },
  {
    "code": "shopify/option_name_inconsistent",
    "column": "Option2 name",
    "severity": "warning",
  },
  {
    "code": "shopify/option_name_inconsistent",
    "column": "Option2 name",
    "severity": "warning",
  },
  {
    "code": "shopify/option_name_inconsistent",
    "column": "Option2 name",
    "severity": "warning",
  },
]
`;

exports[`Issue count stability > official template – issue counts are stable (snapshot) > issue-counts 1`] = `
{
  "errors": 31,
  "info": 1,
  "total": 52,
  "warnings": 20,
}
`;

exports[`SHOPIFY_PRODUCT_TEMPLATE_HEADERS > header list snapshot is stable – fails if any column is added or removed > canonical-header-list 1`] = `
[
  "Title",
  "URL handle",
  "Description",
  "Vendor",
  "Product category",
  "Type",
  "Tags",
  "Published on online store",
  "Status",
  "SKU",
  "Barcode",
  "Option1 name",
  "Option1 value",
  "Option1 Linked To",
  "Option2 name",
  "Option2 value",
  "Option2 Linked To",
  "Option3 name",
  "Option3 value",
  "Option3 Linked To",
  "Price",
  "Compare-at price",
  "Cost per item",
  "Charge tax",
  "Tax code",
  "Unit price total measure",
  "Unit price total measure unit",
  "Unit price base measure",
  "Unit price base measure unit",
  "Inventory tracker",
  "Inventory quantity",
  "Continue selling when out of stock",
  "Weight value (grams)",
  "Weight unit for display",
  "Requires shipping",
  "Fulfillment service",
  "Product image URL",
  "Image position",
  "Image alt text",
  "Variant image URL",
  "Gift card",
  "SEO title",
  "SEO description",
  "Color (product.metafields.shopify.color-pattern)",
  "Google Shopping / Google product category",
  "Google Shopping / Gender",
  "Google Shopping / Age group",
  "Google Shopping / Manufacturer part number (MPN)",
  "Google Shopping / Ad group name",
  "Google Shopping / Ads labels",
  "Google Shopping / Condition",
  "Google Shopping / Custom product",
  "Google Shopping / Custom label 0",
  "Google Shopping / Custom label 1",
  "Google Shopping / Custom label 2",
  "Google Shopping / Custom label 3",
  "Google Shopping / Custom label 4",
]
`;

exports[`Strict mode gating > strict mode issue count snapshot is stable (changing strict rules breaks this test) > strict-issue-counts 1`] = `
{
  "errors": 40,
  "total": 61,
  "warnings": 20,
}
`;

exports[`fixesApplied normalization types > fixesApplied snapshot is stable > fixes-applied 1`] = `
[
  "Normalized Published on online store to "true" on row 1",
  "Normalized Status to "active" on row 1",
  "Normalized Continue selling when out of stock to "deny" on row 1",
  "Filled blank Status with "draft" on row 2",
  "Normalized Continue selling when out of stock to "deny" on row 2",
  "Filled blank Status with "draft" on row 3",
  "Normalized Continue selling when out of stock to "deny" on row 3",
  "Filled blank Status with "draft" on row 4",
  "Normalized Continue selling when out of stock to "deny" on row 4",
  "Filled blank Status with "draft" on row 5",
  "Normalized Continue selling when out of stock to "deny" on row 5",
  "Filled blank Status with "draft" on row 6",
  "Normalized Continue selling when out of stock to "deny" on row 6",
  "Filled blank Status with "draft" on row 7",
  "Normalized Continue selling when out of stock to "deny" on row 7",
  "Filled blank Status with "draft" on row 8",
  "Normalized Continue selling when out of stock to "deny" on row 8",
  "Filled blank Status with "draft" on row 9",
  "Normalized Continue selling when out of stock to "deny" on row 9",
  "Normalized Published on online store to "true" on row 10",
  "Normalized Status to "active" on row 10",
  "Filled blank Status with "draft" on row 11",
  "Filled blank Status with "draft" on row 12",
]
`;
